
================================================================================
RC+xi FRAMEWORK COMPREHENSIVE TEST SUITE
================================================================================
Start time: 2025-12-23 10:13:38

================================================================================
TEST 1: RC+xi ENGINE CORE FUNCTIONALITY
================================================================================
python : Traceback (most recent call last):
At line:1 char:1
+ python test_rc_xi.py > test_output.txt 2>&1; Get-Content test_output. ...
+ ~~~~~~~~~~~~~~~~~~~~~~~~~~~~~~~~~~~~~~~~~~~
    + CategoryInfo          : NotSpecified: (Traceback (most recent call last)::String) [], Re 
   moteException
    + FullyQualifiedErrorId : NativeCommandError
 
  File "I:\TheAI\test_rc_xi.py", line 316, in main
    rc_xi = test_rc_xi_engine()
  File "I:\TheAI\test_rc_xi.py", line 45, in test_rc_xi_engine
    print(f"\u2713 Engine initialized: d={rc_xi.dimension}, \u03b5={rc_xi.epsilon_threshold}")
    ~~~~~^^^^^^^^^^^^^^^^^^^^^^^^^^^^^^^^^^^^^^^^^^^^^^^^^^^^^^^^^^^^^^^^^^^^^^^^^^^
  File "C:\Python313\Lib\encodings\cp1252.py", line 19, in encode
    return codecs.charmap_encode(input,self.errors,encoding_table)[0]
           ~~~~~~~~~~~~~~~~~~~~~^^^^^^^^^^^^^^^^^^^^^^^^^^^^^^^^^^
UnicodeEncodeError: 'charmap' codec can't encode character '\u2713' in position 0: character 
maps to <undefined>

During handling of the above exception, another exception occurred:

Traceback (most recent call last):
  File "I:\TheAI\test_rc_xi.py", line 350, in <module>
    exit(main())
         ~~~~^^
  File "I:\TheAI\test_rc_xi.py", line 343, in main
    print(f"\n\u274c TEST SUITE FAILED: {e}")
    ~~~~~^^^^^^^^^^^^^^^^^^^^^^^^^^^^^^^^
  File "C:\Python313\Lib\encodings\cp1252.py", line 19, in encode
    return codecs.charmap_encode(input,self.errors,encoding_table)[0]
           ~~~~~~~~~~~~~~~~~~~~~^^^^^^^^^^^^^^^^^^^^^^^^^^^^^^^^^^
UnicodeEncodeError: 'charmap' codec can't encode character '\u274c' in position 2: character 
maps to <undefined>
